// Jest Snapshot v1, https://goo.gl/fbAQLP

exports[`renders CurrencyConverter correctly 1`] = `
<DocumentFragment>
  <div
    class="container"
  >
    <h1>
      Calculator
    </h1>
    <div
      class="calculator"
    >
      <input
        data-testid="input-field"
        readonly=""
        type="text"
        value=""
      />
      <div
        class="buttons"
      >
        <button>
          1
        </button>
        <button>
          2
        </button>
        <button>
          3
        </button>
        <button>
          4
        </button>
        <button>
          5
        </button>
        <button>
          6
        </button>
        <button>
          7
        </button>
        <button>
          8
        </button>
        <button>
          9
        </button>
        <button>
          0
        </button>
        <button>
          +
        </button>
        <button>
          -
        </button>
        <button>
          *
        </button>
        <button>
          /
        </button>
        <button>
          C
        </button>
        <button>
          =
        </button>
      </div>
    </div>
  </div>
</DocumentFragment>
`;
